<?xml version="1.0" encoding="UTF-8"?>
<!DOCTYPE description PUBLIC "-//OASIS//DTD DITA Description//EN" "http://docs.oasis-open.org/dita/v1.1/OS/dtd/description.dtd">
<root>
<p>OlÃ©</p>

</root>